// Jest Snapshot v1, https://goo.gl/fbAQLP

exports[`babel-plugin-text-break-resolver 1. default - adds only textBreakStrategy: 1. default - adds only textBreakStrategy 1`] = `

<Text>Hello</Text>;

      ↓ ↓ ↓ ↓ ↓ ↓

<Text textBreakStrategy={"simple"}>Hello</Text>;

`;

exports[`babel-plugin-text-break-resolver 2. with numberOfLines: true - adds numberOfLines: 2. with numberOfLines: true - adds numberOfLines 1`] = `

<Text>Hello</Text>;

      ↓ ↓ ↓ ↓ ↓ ↓

<Text textBreakStrategy={"simple"}>Hello</Text>;

`;

exports[`babel-plugin-text-break-resolver 3. with adjustsFontSizeToFit: true - adds adjustsFontSizeToFit: 3. with adjustsFontSizeToFit: true - adds adjustsFontSizeToFit 1`] = `

<Text>Hello</Text>;

      ↓ ↓ ↓ ↓ ↓ ↓

<Text textBreakStrategy={"simple"}>Hello</Text>;

`;

exports[`babel-plugin-text-break-resolver 4. with both options true - adds both props: 4. with both options true - adds both props 1`] = `

<Text>Hello</Text>;

      ↓ ↓ ↓ ↓ ↓ ↓

<Text textBreakStrategy={"simple"}>Hello</Text>;

`;
